[candlelitsmiles.neocities.org/landing.html]
[backblue.gif]
[fade.gif]
[index.html]
[files.catbox.moe/4m8tgt.png]
[candlelitsmiles.neocities.org/candlestyle.css]
[candlelitsmiles.neocities.org/musings/index.html]
[candlelitsmiles.neocities.org/links.html]
[candlelitsmiles.neocities.org/eva4.gif]
[candlelitsmiles.neocities.org/door.gif]
[candlelitsmiles.neocities.org/corridor/index.html]
[candlelitsmiles.neocities.org/cd.gif]
[candlelitsmiles.neocities.org/music/index.html]
[candlelitsmiles.neocities.org/games.gif]
[candlelitsmiles.neocities.org/games/index.html]
[candlelitsmiles.neocities.org/death.gif]
[candlelitsmiles.neocities.org/shrine/index.html]
[files.catbox.moe/tvj2rk.gif]
[candlelitsmiles.neocities.org/misc/updates.html]
[candlelitsmiles.neocities.org/whitegirl.png]
[candlelitsmiles.neocities.org/candlebuttonone.png]
[candlelitsmiles.neocities.org/landing.html]
[candlelitsmiles.neocities.org/index.html]
[candlelitsmiles.neocities.org/pc-9800.ttf]
[candlelitsmiles.neocities.org/pc-9800-bold.ttf]
[candlelitsmiles.neocities.org/Techno.ttf]
[files.catbox.moe/0yomk4.gif]
[candlelitsmiles.neocities.org/pink98border.png]
[candlelitsmiles.neocities.org/pink98borderalt.png]
[candlelitsmiles.neocities.org/pink98bordersidebar.png]
[candlelitsmiles.neocities.org/candlestyle.css]
[files.catbox.moe/1p03uv.png]
[files.catbox.moe/8ugps1.png]
[files.catbox.moe/b3xv44.png]
[files.catbox.moe/ccixsj.png]
[candlelitsmiles.neocities.org/musings/index.html]
[candlelitsmiles.neocities.org/links.html]
[candlelitsmiles.neocities.org/anime/madoka.gif]
[candlelitsmiles.neocities.org/anime/openings.html]
[candlelitsmiles.neocities.org/anime/endings.html]
[candlelitsmiles.neocities.org/anime/index.html]
[candlelitsmiles.neocities.org/anime/gifs.html]
[candlelitsmiles.neocities.org/corridor/corridor.css]
[candlelitsmiles.neocities.org/corridor/movies.html]
[candlelitsmiles.neocities.org/corridor/literature.html]
[candlelitsmiles.neocities.org/corridor/index.html]
[candlelitsmiles.neocities.org/corridor/extras.html]
[candlelitsmiles.neocities.org/music/music.css]
[candlelitsmiles.neocities.org/music/evrywhere.mp3]
[candlelitsmiles.neocities.org/music/catgirl_crim3s.mp3]
[candlelitsmiles.neocities.org/music/reviews/index.html]
[candlelitsmiles.neocities.org/music/index.html]
[candlelitsmiles.neocities.org/games/games.css]
[candlelitsmiles.neocities.org/music/collection/index.html]
[candlelitsmiles.neocities.org/games/smod.mp3]
[candlelitsmiles.neocities.org/games/gimmick.mp4]
[files.catbox.moe/8io7sa.jpg]
[files.catbox.moe/7ompj0.png]
[files.catbox.moe/8qpyk0.jpg]
[files.catbox.moe/700lrr.png]
[candlelitsmiles.neocities.org/games/index.html]
[candlelitsmiles.neocities.org/shrine/dynamic.css]
[candlelitsmiles.neocities.org/shrine/hallway.jpg]
[candlelitsmiles.neocities.org/shrine/index.html]
[candlelitsmiles.neocities.org/shrine/derelict/index.html]
[candlelitsmiles.neocities.org/rubicon/rubicon.mp4]
[candlelitsmiles.neocities.org/rubicon/index.html]
[candlelitsmiles.neocities.org/misc/updates.html]
[candlelitsmiles.neocities.org/index.html]
[candlelitsmiles.neocities.org/musings/style.css]
[candlelitsmiles.neocities.org/resources/pic.js]
[candlelitsmiles.neocities.org/anime/openings.html]
[candlelitsmiles.neocities.org/anime/endings.html]
[files.catbox.moe/h7bi9j.gif]
[files.catbox.moe/ubiqzg.gif]
[files.catbox.moe/qatvqo.gif]
[files.catbox.moe/xjsjng.gif]
[files.catbox.moe/flqlxs.gif]
[files.catbox.moe/tdfq6c.gif]
[files.catbox.moe/o5v9vl.gif]
[files.catbox.moe/amw76a.jpg]
[files.catbox.moe/s5p201.gif]
[files.catbox.moe/u5neg6.gif]
[candlelitsmiles.neocities.org/anime/gifs.html]
[candlelitsmiles.neocities.org/corridor/corridor.gif]
[candlelitsmiles.neocities.org/corridor/corridor.css]
[files.catbox.moe/6umaq1.jpg]
[files.catbox.moe/z7yvt6.jpg]
[files.catbox.moe/iatr92.jpg]
[files.catbox.moe/z36k2i.png]
[files.catbox.moe/f53q38.jpg]
[files.catbox.moe/8giwb7.jpg]
[files.catbox.moe/cibuej.jpg]
[files.catbox.moe/cf9ttv.png]
[files.catbox.moe/t0n46g.jpg]
[files.catbox.moe/blt4a6.jpg]
[files.catbox.moe/pftdv7.jpg]
[files.catbox.moe/f7inab.jpg]
[files.catbox.moe/sx5lwf.jpg]
[files.catbox.moe/1o343l.jpg]
[files.catbox.moe/5m79n2.jpg]
[files.catbox.moe/2byif0.jpg]
[files.catbox.moe/q86d6b.jpg]
[files.catbox.moe/0y41rx.png]
[files.catbox.moe/wuqd9x.jpg]
[files.catbox.moe/95eql0.jpg]
[files.catbox.moe/oq6m0i.jpg]
[files.catbox.moe/zz2d6p.png]
[files.catbox.moe/dm3f2l.png]
[files.catbox.moe/cdvp1a.png]
[files.catbox.moe/xedk3p.png]
[candlelitsmiles.neocities.org/corridor/movies.html]
[files.catbox.moe/pur2qk.jpg]
[files.catbox.moe/grf337.jpg]
[candlelitsmiles.neocities.org/corridor/literature.html]
[candlelitsmiles.neocities.org/corridor/LastTempest.png]
[files.catbox.moe/a433cr.png]
[files.catbox.moe/hro7k9.png]
[files.catbox.moe/6eekzk.png]
[files.catbox.moe/7d5rjl.png]
[files.catbox.moe/aqv9yk.png]
[files.catbox.moe/57ermd.gif]
[files.catbox.moe/nn2bab.png]
[candlelitsmiles.neocities.org/corridor/extras.html]
[files.catbox.moe/7lhccv.gif]
[candlelitsmiles.neocities.org/music/music.css]
[files.catbox.moe/6wy56w.jpg]
[files.catbox.moe/ds1mfr.jpg]
[files.catbox.moe/r3opg1.jpg]
[files.catbox.moe/wjj4rg.jpg]
[candlelitsmiles.neocities.org/music/reviews/hitvibes.html]
[files.catbox.moe/4yakm7.jpg]
[files.catbox.moe/z5w1ef.png]
[candlelitsmiles.neocities.org/music/reviews/index.html]
[candlelitsmiles.neocities.org/music/collection/style.css]
[files.catbox.moe/4aid2f.jpg]
[files.catbox.moe/f10alx.jpg]
[files.catbox.moe/cew3xm.jpg]
[files.catbox.moe/54gsgr.jpg]
[files.catbox.moe/vpzhgf.jpg]
[files.catbox.moe/r6aljm.jpg]
[files.catbox.moe/hu2614.jpg]
[files.catbox.moe/lc2t9t.jpg]
[files.catbox.moe/6wvpdj.jpg]
[files.catbox.moe/z6qum0.jpg]
[files.catbox.moe/k8ynzy.jpg]
[files.catbox.moe/e407kf.jpg]
[files.catbox.moe/2dxy87.jpg]
[files.catbox.moe/x0qk8w.jpg]
[files.catbox.moe/avj3z5.jpg]
[files.catbox.moe/rahokb.png]
[files.catbox.moe/0f4mq0.jpg]
[files.catbox.moe/43oz8m.jpg]
[files.catbox.moe/hbxcu2.jpg]
[files.catbox.moe/vtrt9x.png]
[files.catbox.moe/bieagl.jpg]
[candlelitsmiles.neocities.org/music/collection/index.html]
[candlelitsmiles.neocities.org/games/games.css]
[candlelitsmiles.neocities.org/shrine/Hiragino Kaku Gothic Pro W6.otf]
[candlelitsmiles.neocities.org/shrine/dynamic.css]
[candlelitsmiles.neocities.org/shrine/derelict/index.html]
[candlelitsmiles.neocities.org/rubicon/style.css]
[candlelitsmiles.neocities.org/misc/style.css]
[candlelitsmiles.neocities.org/shrine/derelict/megatower.png]
[candlelitsmiles.neocities.org/anime/PeaberryBase.ttf]
[code.jquery.com/jquery-2.1.1.min.js]
[files.catbox.moe/xzf59j.png]
[candlelitsmiles.neocities.org/anime/anime.css]
[candlelitsmiles.neocities.org/music/reviews/hitvibes.html]
[candlelitsmiles.neocities.org/music/collection/bound.gif]
[candlelitsmiles.neocities.org/music/collection/style.css]
[candlelitsmiles.neocities.org/shrine/derelict/shroud.css]
[candlelitsmiles.neocities.org/music/reviews/bgm.html]
[candlelitsmiles.neocities.org/music/reviews/bgm-2.html]
[candlelitsmiles.neocities.org/music/reviews/bgm-2.html]
